[Info] Got the following bindings at (root):
  x => 1
  
[Warning] Data 1 assigned at x was shadowed by data 2 in the export namespace.
[Warning] Data 1 assigned at x was shadowed by data 2 in the visible namespace.
[Info] Got the following bindings at (root):
  x => 2
  
[Info] Got the following bindings at (root):
  x => 10
  
[Info] Got the following bindings at (root):
  x => 10
  z.y => 20
  
[Info] Got the following bindings at (root):
  a => 100
  x => 10
  z.y => 20
  
[Warning] Data 10 assigned at w.x was shadowed by data 10.
[Info] Got the following bindings at (root):
  w.a => 100
  w.x => 10
  x => 10
  z.y => 20
  
